tex: = textures/
tex:tilemap = textures/tilemap_high.png
tex:player = textures/player_tmp.png
tex:enemy_moving = textures/scorpion_move.png
tex:enemy2_moving = textures/crawler_move.png
tex:bullet = textures/bullet.png
tex:coin = textures/coin.tga
tex:healthpotion = textures/healthpotion.png
tex:zombie = textures/zombie.png
tex:vomit_zombie = textures/vomit_zombie.png
tex:crow = textures/crow.png
tex:pyro = textures/pyro.png
tex:turret_ice = textures/turret_ice.png
tex:soldier = textures/soldier.png

tex:box = textures/box.png
tex:barrel = textures/barrel.png

tex:fireball = textures/fireball.png
tex:iceball = textures/iceball.png
tex:stoneball = textures/stoneball.png
tex:vomitball = textures/vomitball.png

tex:x_font = textures/x.template_regular_48.tga
tex:nixie_font = textures/nixie_font.png

tex:ui_hud_bg = textures/ui_stats_bg.png
tex:ui_hud_fg = textures/ui_stats_fg.png
tex:ui_hud_health = textures/ui_stats_health.png
tex:ui_hud_health_min = textures/ui_small_health.png

tex:element_fire = textures/ui_element_fire.png
tex:element_frost = textures/ui_element_frost.png
tex:element_gas = textures/ui_element_gas.png
tex:element_lightning = textures/ui_element_lightning.png
tex:element_stone = textures/ui_element_stone.png
tex:element_water = textures/ui_element_water.png

tex:particle_fire = textures/particle_fire.png
tex:particle_frost = textures/particle_frost.png
tex:particle_water = textures/particle_water.png
tex:particle_stone = textures/particle_stone.png
tex:particle_gas = textures/particle_gas.png
tex:particle_lightning = textures/particle_lightning.png
tex:particle_health = textures/particle_health.png
tex:particle_questionmark = textures/particle_questionmark.png
tex:particle_wind = textures/particle_line.png
tex:particle_steam = textures/particle_steam.png
tex:particle_ice = textures/particle_ice.png
tex:particle_stone_shard = textures/particle_stone_shard.png
tex:particle_fire_shard = textures/particle_fire_shard.png
tex:particle_blood = textures/particle_blood.png

tex:ui_intro = textures/ui_intro.png
